Running my test: .... OK

1 test completed successfully
